时间：2019-05-31 19:53:29,245 消息：通过验证 行号：93
